<html>
  <head>
    <title>Moto G</title>
  <style>h1 {color: red;}</style>
  <script>
    console.log("Hello");
  </script>
  </head>
  <body>
    <div>  <h1>Moto G - Motorala</h1>
</div>
  </body>
</html>
