<h1 
	style="font-weight: bold" onclick="javascript: do_something()"
>Hello</h1 >