<html>
  <head>
    <title>MOTO G</title>
  </head>
  <body>
    <h1>Moto G - Motoâ€¦</h1>
    <span>2 reviewes</span>
  </body>
</html>
