  <h3>My review</h3>
    <p>A</p>
    <p>B</p>
    <p>C</p>
  <h3>My review</h3>
    <p>A</p>
    <p>B</p>
    <p>C</p>
