

{
  "a_tuple": [
    1,
    2,
    3
  ],
  "an_array_of_tuple": [
    [
      1,
      2,
      3
    ],
    [
      1,
      2,
      3
    ]
  ],
  "empty": [],
  "friend_reviewed": true,
  "number_reviews": 2,
  "product": {
    "manufacturer": "Motorala",
    "name": "Moto G",
    "price": 100,
    "summary": "A phone"
  },
  "reviews": [
    {
      "paragraphs": [
        "A",
        "B",
        "C"
      ],
      "title": "My review"
    },
    {
      "paragraphs": [
        "A",
        "B",
        "C"
      ],
      "title": "My review"
    }
  ],
  "show_more": true,
  "username": "bob"
}


{
  "name": "bob"
}
