
<label>
    Name
    <input type="text" />
</label>
<label>
    Age
    <input type="number" />
</label>
<label>
    bob
    <input type="text" />
</label>

7 - 6 - 5 - 4 - 3 - 2 - 11234567

Bonjour humans
